# Identifiers
Button
ButtonProps
Card
Status
StatusBadge
button
button
children
children
className
className
className
className
disabled
disabled
disabled
div
div
formatLabel
h2
label
label
onClick
onClick
onClick
span
status
status
text
title
title
value

# Comments
A sample TSX file demonstrating React component patterns.
Used for golden file contract testing.
Arrow function with chained calls
Card component combining multiple elements
Component with conditional rendering and state-like logic
Interface for component props
Simple functional component with props
Type alias for status

# Strings
Error
Loading...
Ready
Unknown
badge badge-
btn
card
card-body
error
error
idle
idle
loading
loading